node : Error: [GoogleGenerativeAI 
Error]: Error fetching from https://
generativelanguage.googleapis.com/v1
beta/models/gemini-pro:generateConte
nt: [404 Not Found] 
models/gemini-pro is not found for 
API version v1beta, or is not 
supported for generateContent. Call 
ListModels to see the list of 
available models and their 
supported methods.
At line:1 char:1
+ node test_genai.js > 
test_output.txt 2>&1
+ ~~~~~~~~~~~~~~~~~~~~~~~~~~~~~~~~~~
~~~~~~~
    + CategoryInfo          : NotSp 
   ecified: (Error: [GoogleG...por  
  ted methods.:String) [], Remote   
 Exception
    + FullyQualifiedErrorId : Nativ 
   eCommandError
 
